# Cluster Growing Summary (mri_surfcluster)
# $Id: mri_surfcluster.c,v 1.57.2.3 2016/11/17 18:19:42 zkaufman Exp $
# $Id: mrisurf.c,v 1.781.2.6 2016/12/27 16:47:14 zkaufman Exp $
# CreationTime 2025/12/15-17:24:57-GMT
# cmdline mri_surfcluster.bin --in /home/r042647/SmokingTraj/rh.packyears.M2.area/stack8.p.mgh --csd /mnt/appl/tools/freesurfer/6.0.0/average/mult-comp-cor/fsaverage/rh/cortex/fwhm23/abs/th30/mc-z.csd --cwsig /home/r042647/SmokingTraj/rh.packyears.M2.area/stack8.cache.th30.abs.sig.cluster.mgh --vwsig /home/r042647/SmokingTraj/rh.packyears.M2.area/stack8.cache.th30.abs.sig.voxel.mgh --sum /home/r042647/SmokingTraj/rh.packyears.M2.area/stack8.cache.th30.abs.sig.cluster.summary --ocn /home/r042647/SmokingTraj/rh.packyears.M2.area/stack8.cache.th30.abs.sig.ocn.mgh --oannot /home/r042647/SmokingTraj/rh.packyears.M2.area/stack8.cache.th30.abs.sig.ocn.annot --annot aparc --cwpvalthresh 0.025 --o /home/r042647/SmokingTraj/rh.packyears.M2.area/stack8.cache.th30.abs.sig.masked.mgh --no-fixmni --surf white --mask /home/r042647/SmokingTraj/rh.packyears.M2.area/finalMask.mgh 
# cwd /home/r042647/SmokingTraj
# sysname  Linux
# hostname kpsy0001l002
# machine  x86_64
# FixVertexAreaFlag 1
# FixSurfClusterArea 1
# 
# Input      /home/r042647/SmokingTraj/rh.packyears.M2.area/stack8.p.mgh
# Frame Number      0
# srcsubj fsaverage
# hemi rh
# surface white
# group_avg_surface_area 82167.6
# group_avg_vtxarea_loaded 1
# annot aparc
# SUBJECTS_DIR /mnt/data/genr/mrdata/GenR_parent/bids/derivatives/freesurfer/6.0.0/qdecr/
# SearchSpace_mm2 75001.2
# SearchSpace_vtx 146464
# Bonferroni 0
# Minimum Threshold 3
# Maximum Threshold infinity
# Threshold Sign    abs
# AdjustThreshWhenOneTail 1
# CW PValue Threshold: 0.025 
# Area Threshold    0 mm^2
# CSD thresh  3.000000
# CSD nreps    10000
# CSD simtype  null-z
# CSD contrast NA
# CSD confint  90.000000
# Overall max 5.05743 at vertex 129205
# Overall min 0 at vertex 10
# NClusters          3
# FixMNI = 0
# 
# ClusterNo  Max   VtxMax   Size(mm^2)  MNIX   MNIY   MNIZ    CWP    CWPLow    CWPHi   NVtxs    WghtVtx   Annot
   1        3.700    4795    396.47     54.8   -5.9   11.5  0.00770  0.00660  0.00880    874     2925.45  postcentral
   2        5.057  129205    385.53     47.3  -42.8    1.7  0.00860  0.00740  0.00980   1054     4141.46  bankssts
   3        3.635  152342    316.65     40.0   21.6   27.2  0.02080  0.01900  0.02260    559     1826.14  rostralmiddlefrontal
